Archive member included to satisfy reference by file (symbol)

c:/st/stm32cubeide_1.4.0/stm32cubeide/plugins/com.st.stm32cube.ide.mcu.externaltools.gnu-tools-for-stm32.7-2018-q2-update.win32_1.4.0.202007081208/tools/bin/../lib/gcc/arm-none-eabi/7.3.1/../../../../arm-none-eabi/lib/thumb/v7-m\libc_nano.a(lib_a-errno.o)
                              Src/syscalls.o (__errno)
c:/st/stm32cubeide_1.4.0/stm32cubeide/plugins/com.st.stm32cube.ide.mcu.externaltools.gnu-tools-for-stm32.7-2018-q2-update.win32_1.4.0.202007081208/tools/bin/../lib/gcc/arm-none-eabi/7.3.1/../../../../arm-none-eabi/lib/thumb/v7-m\libc_nano.a(lib_a-exit.o)
                              c:/st/stm32cubeide_1.4.0/stm32cubeide/plugins/com.st.stm32cube.ide.mcu.externaltools.gnu-tools-for-stm32.7-2018-q2-update.win32_1.4.0.202007081208/tools/bin/../lib/gcc/arm-none-eabi/7.3.1/../../../../arm-none-eabi/lib/thumb/v7-m/crt0.o (exit)
c:/st/stm32cubeide_1.4.0/stm32cubeide/plugins/com.st.stm32cube.ide.mcu.externaltools.gnu-tools-for-stm32.7-2018-q2-update.win32_1.4.0.202007081208/tools/bin/../lib/gcc/arm-none-eabi/7.3.1/../../../../arm-none-eabi/lib/thumb/v7-m\libc_nano.a(lib_a-impure.o)
                              c:/st/stm32cubeide_1.4.0/stm32cubeide/plugins/com.st.stm32cube.ide.mcu.externaltools.gnu-tools-for-stm32.7-2018-q2-update.win32_1.4.0.202007081208/tools/bin/../lib/gcc/arm-none-eabi/7.3.1/../../../../arm-none-eabi/lib/thumb/v7-m\libc_nano.a(lib_a-exit.o) (_global_impure_ptr)
c:/st/stm32cubeide_1.4.0/stm32cubeide/plugins/com.st.stm32cube.ide.mcu.externaltools.gnu-tools-for-stm32.7-2018-q2-update.win32_1.4.0.202007081208/tools/bin/../lib/gcc/arm-none-eabi/7.3.1/../../../../arm-none-eabi/lib/thumb/v7-m\libc_nano.a(lib_a-init.o)
                              c:/st/stm32cubeide_1.4.0/stm32cubeide/plugins/com.st.stm32cube.ide.mcu.externaltools.gnu-tools-for-stm32.7-2018-q2-update.win32_1.4.0.202007081208/tools/bin/../lib/gcc/arm-none-eabi/7.3.1/../../../../arm-none-eabi/lib/thumb/v7-m/crt0.o (__libc_init_array)
c:/st/stm32cubeide_1.4.0/stm32cubeide/plugins/com.st.stm32cube.ide.mcu.externaltools.gnu-tools-for-stm32.7-2018-q2-update.win32_1.4.0.202007081208/tools/bin/../lib/gcc/arm-none-eabi/7.3.1/../../../../arm-none-eabi/lib/thumb/v7-m\libc_nano.a(lib_a-memset.o)
                              c:/st/stm32cubeide_1.4.0/stm32cubeide/plugins/com.st.stm32cube.ide.mcu.externaltools.gnu-tools-for-stm32.7-2018-q2-update.win32_1.4.0.202007081208/tools/bin/../lib/gcc/arm-none-eabi/7.3.1/../../../../arm-none-eabi/lib/thumb/v7-m/crt0.o (memset)

Allocating common symbols
Common symbol       size              file

P_Call_Back_EXTI    0x40              STM32f103c6_Drivers/Src/EXTI.o

Discarded input sections

 .text          0x0000000000000000        0x0 c:/st/stm32cubeide_1.4.0/stm32cubeide/plugins/com.st.stm32cube.ide.mcu.externaltools.gnu-tools-for-stm32.7-2018-q2-update.win32_1.4.0.202007081208/tools/bin/../lib/gcc/arm-none-eabi/7.3.1/thumb/v7-m/crti.o
 .data          0x0000000000000000        0x0 c:/st/stm32cubeide_1.4.0/stm32cubeide/plugins/com.st.stm32cube.ide.mcu.externaltools.gnu-tools-for-stm32.7-2018-q2-update.win32_1.4.0.202007081208/tools/bin/../lib/gcc/arm-none-eabi/7.3.1/thumb/v7-m/crti.o
 .bss           0x0000000000000000        0x0 c:/st/stm32cubeide_1.4.0/stm32cubeide/plugins/com.st.stm32cube.ide.mcu.externaltools.gnu-tools-for-stm32.7-2018-q2-update.win32_1.4.0.202007081208/tools/bin/../lib/gcc/arm-none-eabi/7.3.1/thumb/v7-m/crti.o
 .data          0x0000000000000000        0x4 c:/st/stm32cubeide_1.4.0/stm32cubeide/plugins/com.st.stm32cube.ide.mcu.externaltools.gnu-tools-for-stm32.7-2018-q2-update.win32_1.4.0.202007081208/tools/bin/../lib/gcc/arm-none-eabi/7.3.1/thumb/v7-m/crtbegin.o
 .text          0x0000000000000000       0x74 c:/st/stm32cubeide_1.4.0/stm32cubeide/plugins/com.st.stm32cube.ide.mcu.externaltools.gnu-tools-for-stm32.7-2018-q2-update.win32_1.4.0.202007081208/tools/bin/../lib/gcc/arm-none-eabi/7.3.1/../../../../arm-none-eabi/lib/thumb/v7-m/crt0.o
 .data          0x0000000000000000        0x0 c:/st/stm32cubeide_1.4.0/stm32cubeide/plugins/com.st.stm32cube.ide.mcu.externaltools.gnu-tools-for-stm32.7-2018-q2-update.win32_1.4.0.202007081208/tools/bin/../lib/gcc/arm-none-eabi/7.3.1/../../../../arm-none-eabi/lib/thumb/v7-m/crt0.o
 .bss           0x0000000000000000        0x0 c:/st/stm32cubeide_1.4.0/stm32cubeide/plugins/com.st.stm32cube.ide.mcu.externaltools.gnu-tools-for-stm32.7-2018-q2-update.win32_1.4.0.202007081208/tools/bin/../lib/gcc/arm-none-eabi/7.3.1/../../../../arm-none-eabi/lib/thumb/v7-m/crt0.o
 .ARM.extab     0x0000000000000000        0x0 c:/st/stm32cubeide_1.4.0/stm32cubeide/plugins/com.st.stm32cube.ide.mcu.externaltools.gnu-tools-for-stm32.7-2018-q2-update.win32_1.4.0.202007081208/tools/bin/../lib/gcc/arm-none-eabi/7.3.1/../../../../arm-none-eabi/lib/thumb/v7-m/crt0.o
 .ARM.exidx     0x0000000000000000        0x8 c:/st/stm32cubeide_1.4.0/stm32cubeide/plugins/com.st.stm32cube.ide.mcu.externaltools.gnu-tools-for-stm32.7-2018-q2-update.win32_1.4.0.202007081208/tools/bin/../lib/gcc/arm-none-eabi/7.3.1/../../../../arm-none-eabi/lib/thumb/v7-m/crt0.o
 .ARM.attributes
                0x0000000000000000       0x1b c:/st/stm32cubeide_1.4.0/stm32cubeide/plugins/com.st.stm32cube.ide.mcu.externaltools.gnu-tools-for-stm32.7-2018-q2-update.win32_1.4.0.202007081208/tools/bin/../lib/gcc/arm-none-eabi/7.3.1/../../../../arm-none-eabi/lib/thumb/v7-m/crt0.o
 .group         0x0000000000000000        0xc HAL/Src/Keypad.o
 .group         0x0000000000000000        0xc HAL/Src/Keypad.o
 .group         0x0000000000000000        0xc HAL/Src/Keypad.o
 .group         0x0000000000000000        0xc HAL/Src/Keypad.o
 .group         0x0000000000000000        0xc HAL/Src/Keypad.o
 .group         0x0000000000000000        0xc HAL/Src/Keypad.o
 .group         0x0000000000000000        0xc HAL/Src/Keypad.o
 .group         0x0000000000000000        0xc HAL/Src/Keypad.o
 .group         0x0000000000000000        0xc HAL/Src/Keypad.o
 .group         0x0000000000000000        0xc HAL/Src/Keypad.o
 .group         0x0000000000000000        0xc HAL/Src/Keypad.o
 .group         0x0000000000000000        0xc HAL/Src/Keypad.o
 .group         0x0000000000000000        0xc HAL/Src/Keypad.o
 .group         0x0000000000000000        0xc HAL/Src/Keypad.o
 .group         0x0000000000000000        0xc HAL/Src/Keypad.o
 .group         0x0000000000000000        0xc HAL/Src/Keypad.o
 .group         0x0000000000000000        0xc HAL/Src/Keypad.o
 .group         0x0000000000000000        0xc HAL/Src/Keypad.o
 .group         0x0000000000000000        0xc HAL/Src/Keypad.o
 .group         0x0000000000000000        0xc HAL/Src/Keypad.o
 .group         0x0000000000000000        0xc HAL/Src/Keypad.o
 .group         0x0000000000000000        0xc HAL/Src/Keypad.o
 .group         0x0000000000000000        0xc HAL/Src/Keypad.o
 .group         0x0000000000000000        0xc HAL/Src/Keypad.o
 .group         0x0000000000000000        0xc HAL/Src/Keypad.o
 .group         0x0000000000000000        0xc HAL/Src/Keypad.o
 .text          0x0000000000000000        0x0 HAL/Src/Keypad.o
 .data          0x0000000000000000        0x0 HAL/Src/Keypad.o
 .bss           0x0000000000000000        0x0 HAL/Src/Keypad.o
 .bss.PinCfg    0x0000000000000000        0x3 HAL/Src/Keypad.o
 .data.KEYPAD_R
                0x0000000000000000       0x10 HAL/Src/Keypad.o
 .data.KEYPAD_C
                0x0000000000000000       0x10 HAL/Src/Keypad.o
 .text.Keypad_init
                0x0000000000000000       0xe0 HAL/Src/Keypad.o
 .text.Keypad_getkey
                0x0000000000000000      0x194 HAL/Src/Keypad.o
 .debug_info    0x0000000000000000      0x9f0 HAL/Src/Keypad.o
 .debug_abbrev  0x0000000000000000      0x1c2 HAL/Src/Keypad.o
 .debug_aranges
                0x0000000000000000       0x28 HAL/Src/Keypad.o
 .debug_ranges  0x0000000000000000       0x18 HAL/Src/Keypad.o
 .debug_macro   0x0000000000000000      0x15b HAL/Src/Keypad.o
 .debug_macro   0x0000000000000000      0xa60 HAL/Src/Keypad.o
 .debug_macro   0x0000000000000000       0x18 HAL/Src/Keypad.o
 .debug_macro   0x0000000000000000       0x22 HAL/Src/Keypad.o
 .debug_macro   0x0000000000000000       0x40 HAL/Src/Keypad.o
 .debug_macro   0x0000000000000000       0x94 HAL/Src/Keypad.o
 .debug_macro   0x0000000000000000       0x3c HAL/Src/Keypad.o
 .debug_macro   0x0000000000000000       0x34 HAL/Src/Keypad.o
 .debug_macro   0x0000000000000000       0x16 HAL/Src/Keypad.o
 .debug_macro   0x0000000000000000      0x10e HAL/Src/Keypad.o
 .debug_macro   0x0000000000000000       0x8d HAL/Src/Keypad.o
 .debug_macro   0x0000000000000000       0x57 HAL/Src/Keypad.o
 .debug_macro   0x0000000000000000       0x52 HAL/Src/Keypad.o
 .debug_macro   0x0000000000000000       0x1f HAL/Src/Keypad.o
 .debug_macro   0x0000000000000000       0x43 HAL/Src/Keypad.o
 .debug_macro   0x0000000000000000       0x20 HAL/Src/Keypad.o
 .debug_macro   0x0000000000000000      0x1a3 HAL/Src/Keypad.o
 .debug_macro   0x0000000000000000      0x330 HAL/Src/Keypad.o
 .debug_macro   0x0000000000000000       0x16 HAL/Src/Keypad.o
 .debug_macro   0x0000000000000000       0x29 HAL/Src/Keypad.o
 .debug_macro   0x0000000000000000       0xef HAL/Src/Keypad.o
 .debug_macro   0x0000000000000000       0x6a HAL/Src/Keypad.o
 .debug_macro   0x0000000000000000      0x1df HAL/Src/Keypad.o
 .debug_macro   0x0000000000000000       0xf0 HAL/Src/Keypad.o
 .debug_macro   0x0000000000000000       0x34 HAL/Src/Keypad.o
 .debug_macro   0x0000000000000000       0xbe HAL/Src/Keypad.o
 .debug_macro   0x0000000000000000       0x3a HAL/Src/Keypad.o
 .debug_line    0x0000000000000000      0x6b5 HAL/Src/Keypad.o
 .debug_str     0x0000000000000000     0x7947 HAL/Src/Keypad.o
 .comment       0x0000000000000000       0x7c HAL/Src/Keypad.o
 .debug_frame   0x0000000000000000       0x50 HAL/Src/Keypad.o
 .ARM.attributes
                0x0000000000000000       0x33 HAL/Src/Keypad.o
 .group         0x0000000000000000        0xc HAL/Src/LCD.o
 .group         0x0000000000000000        0xc HAL/Src/LCD.o
 .group         0x0000000000000000        0xc HAL/Src/LCD.o
 .group         0x0000000000000000        0xc HAL/Src/LCD.o
 .group         0x0000000000000000        0xc HAL/Src/LCD.o
 .group         0x0000000000000000        0xc HAL/Src/LCD.o
 .group         0x0000000000000000        0xc HAL/Src/LCD.o
 .group         0x0000000000000000        0xc HAL/Src/LCD.o
 .group         0x0000000000000000        0xc HAL/Src/LCD.o
 .group         0x0000000000000000        0xc HAL/Src/LCD.o
 .group         0x0000000000000000        0xc HAL/Src/LCD.o
 .group         0x0000000000000000        0xc HAL/Src/LCD.o
 .group         0x0000000000000000        0xc HAL/Src/LCD.o
 .group         0x0000000000000000        0xc HAL/Src/LCD.o
 .group         0x0000000000000000        0xc HAL/Src/LCD.o
 .group         0x0000000000000000        0xc HAL/Src/LCD.o
 .group         0x0000000000000000        0xc HAL/Src/LCD.o
 .group         0x0000000000000000        0xc HAL/Src/LCD.o
 .group         0x0000000000000000        0xc HAL/Src/LCD.o
 .group         0x0000000000000000        0xc HAL/Src/LCD.o
 .group         0x0000000000000000        0xc HAL/Src/LCD.o
 .group         0x0000000000000000        0xc HAL/Src/LCD.o
 .group         0x0000000000000000        0xc HAL/Src/LCD.o
 .group         0x0000000000000000        0xc HAL/Src/LCD.o
 .group         0x0000000000000000        0xc HAL/Src/LCD.o
 .group         0x0000000000000000        0xc HAL/Src/LCD.o
 .group         0x0000000000000000        0xc HAL/Src/LCD.o
 .group         0x0000000000000000        0xc HAL/Src/LCD.o
 .text          0x0000000000000000        0x0 HAL/Src/LCD.o
 .data          0x0000000000000000        0x0 HAL/Src/LCD.o
 .bss           0x0000000000000000        0x0 HAL/Src/LCD.o
 .text.delay_ms
                0x0000000000000000       0x38 HAL/Src/LCD.o
 .bss.PinCfg    0x0000000000000000        0x3 HAL/Src/LCD.o
 .text.LCD_GPIO_init
                0x0000000000000000      0x14c HAL/Src/LCD.o
 .text.LCD_clear_screen
                0x0000000000000000        0xe HAL/Src/LCD.o
 .text.LCD_kick
                0x0000000000000000       0x28 HAL/Src/LCD.o
 .text.LCD_GOTO_XY
                0x0000000000000000       0x48 HAL/Src/LCD.o
 .text.LCD_INIT
                0x0000000000000000       0x38 HAL/Src/LCD.o
 .text.LCD_check_lcd_isbusy
                0x0000000000000000      0x1c8 HAL/Src/LCD.o
 .text.LCD_WRITE_COMMAND
                0x0000000000000000       0x44 HAL/Src/LCD.o
 .text.LCD_WRITE_CHAR
                0x0000000000000000       0x44 HAL/Src/LCD.o
 .text.LCD_WRITE_STRING
                0x0000000000000000       0x58 HAL/Src/LCD.o
 .debug_info    0x0000000000000000      0xac5 HAL/Src/LCD.o
 .debug_abbrev  0x0000000000000000      0x1f0 HAL/Src/LCD.o
 .debug_aranges
                0x0000000000000000       0x68 HAL/Src/LCD.o
 .debug_ranges  0x0000000000000000       0x58 HAL/Src/LCD.o
 .debug_macro   0x0000000000000000      0x163 HAL/Src/LCD.o
 .debug_macro   0x0000000000000000      0xa60 HAL/Src/LCD.o
 .debug_macro   0x0000000000000000       0x10 HAL/Src/LCD.o
 .debug_macro   0x0000000000000000       0x18 HAL/Src/LCD.o
 .debug_macro   0x0000000000000000       0x22 HAL/Src/LCD.o
 .debug_macro   0x0000000000000000       0x40 HAL/Src/LCD.o
 .debug_macro   0x0000000000000000       0x94 HAL/Src/LCD.o
 .debug_macro   0x0000000000000000       0x3c HAL/Src/LCD.o
 .debug_macro   0x0000000000000000       0x34 HAL/Src/LCD.o
 .debug_macro   0x0000000000000000       0x16 HAL/Src/LCD.o
 .debug_macro   0x0000000000000000      0x10e HAL/Src/LCD.o
 .debug_macro   0x0000000000000000       0x8d HAL/Src/LCD.o
 .debug_macro   0x0000000000000000       0x57 HAL/Src/LCD.o
 .debug_macro   0x0000000000000000       0x52 HAL/Src/LCD.o
 .debug_macro   0x0000000000000000       0x1f HAL/Src/LCD.o
 .debug_macro   0x0000000000000000       0x43 HAL/Src/LCD.o
 .debug_macro   0x0000000000000000       0x20 HAL/Src/LCD.o
 .debug_macro   0x0000000000000000      0x1a3 HAL/Src/LCD.o
 .debug_macro   0x0000000000000000      0x330 HAL/Src/LCD.o
 .debug_macro   0x0000000000000000       0x16 HAL/Src/LCD.o
 .debug_macro   0x0000000000000000       0x29 HAL/Src/LCD.o
 .debug_macro   0x0000000000000000       0xef HAL/Src/LCD.o
 .debug_macro   0x0000000000000000       0x6a HAL/Src/LCD.o
 .debug_macro   0x0000000000000000      0x1df HAL/Src/LCD.o
 .debug_macro   0x0000000000000000       0xf0 HAL/Src/LCD.o
 .debug_macro   0x0000000000000000       0x34 HAL/Src/LCD.o
 .debug_macro   0x0000000000000000       0xbe HAL/Src/LCD.o
 .debug_macro   0x0000000000000000       0x94 HAL/Src/LCD.o
 .debug_macro   0x0000000000000000       0x40 HAL/Src/LCD.o
 .debug_line    0x0000000000000000      0x727 HAL/Src/LCD.o
 .debug_str     0x0000000000000000     0x7c5f HAL/Src/LCD.o
 .comment       0x0000000000000000       0x7c HAL/Src/LCD.o
 .debug_frame   0x0000000000000000      0x154 HAL/Src/LCD.o
 .ARM.attributes
                0x0000000000000000       0x33 HAL/Src/LCD.o
 .group         0x0000000000000000        0xc STM32f103c6_Drivers/Src/EXTI.o
 .group         0x0000000000000000        0xc STM32f103c6_Drivers/Src/EXTI.o
 .group         0x0000000000000000        0xc STM32f103c6_Drivers/Src/EXTI.o
 .group         0x0000000000000000        0xc STM32f103c6_Drivers/Src/EXTI.o
 .group         0x0000000000000000        0xc STM32f103c6_Drivers/Src/EXTI.o
 .group         0x0000000000000000        0xc STM32f103c6_Drivers/Src/EXTI.o
 .group         0x0000000000000000        0xc STM32f103c6_Drivers/Src/EXTI.o
 .group         0x0000000000000000        0xc STM32f103c6_Drivers/Src/EXTI.o
 .group         0x0000000000000000        0xc STM32f103c6_Drivers/Src/EXTI.o
 .group         0x0000000000000000        0xc STM32f103c6_Drivers/Src/EXTI.o
 .group         0x0000000000000000        0xc STM32f103c6_Drivers/Src/EXTI.o
 .group         0x0000000000000000        0xc STM32f103c6_Drivers/Src/EXTI.o
 .group         0x0000000000000000        0xc STM32f103c6_Drivers/Src/EXTI.o
 .group         0x0000000000000000        0xc STM32f103c6_Drivers/Src/EXTI.o
 .group         0x0000000000000000        0xc STM32f103c6_Drivers/Src/EXTI.o
 .group         0x0000000000000000        0xc STM32f103c6_Drivers/Src/EXTI.o
 .group         0x0000000000000000        0xc STM32f103c6_Drivers/Src/EXTI.o
 .group         0x0000000000000000        0xc STM32f103c6_Drivers/Src/EXTI.o
 .group         0x0000000000000000        0xc STM32f103c6_Drivers/Src/EXTI.o
 .group         0x0000000000000000        0xc STM32f103c6_Drivers/Src/EXTI.o
 .group         0x0000000000000000        0xc STM32f103c6_Drivers/Src/EXTI.o
 .group         0x0000000000000000        0xc STM32f103c6_Drivers/Src/EXTI.o
 .group         0x0000000000000000        0xc STM32f103c6_Drivers/Src/EXTI.o
 .group         0x0000000000000000        0xc STM32f103c6_Drivers/Src/EXTI.o
 .group         0x0000000000000000        0xc STM32f103c6_Drivers/Src/EXTI.o
 .group         0x0000000000000000        0xc STM32f103c6_Drivers/Src/EXTI.o
 .text          0x0000000000000000        0x0 STM32f103c6_Drivers/Src/EXTI.o
 .data          0x0000000000000000        0x0 STM32f103c6_Drivers/Src/EXTI.o
 .bss           0x0000000000000000        0x0 STM32f103c6_Drivers/Src/EXTI.o
 .text.EXTI_GPIO_DeInite
                0x0000000000000000       0x90 STM32f103c6_Drivers/Src/EXTI.o
 .debug_macro   0x0000000000000000      0xa60 STM32f103c6_Drivers/Src/EXTI.o
 .debug_macro   0x0000000000000000       0x18 STM32f103c6_Drivers/Src/EXTI.o
 .debug_macro   0x0000000000000000       0x22 STM32f103c6_Drivers/Src/EXTI.o
 .debug_macro   0x0000000000000000       0x40 STM32f103c6_Drivers/Src/EXTI.o
 .debug_macro   0x0000000000000000       0x94 STM32f103c6_Drivers/Src/EXTI.o
 .debug_macro   0x0000000000000000       0x3c STM32f103c6_Drivers/Src/EXTI.o
 .debug_macro   0x0000000000000000       0x34 STM32f103c6_Drivers/Src/EXTI.o
 .debug_macro   0x0000000000000000       0x16 STM32f103c6_Drivers/Src/EXTI.o
 .debug_macro   0x0000000000000000      0x10e STM32f103c6_Drivers/Src/EXTI.o
 .debug_macro   0x0000000000000000       0x8d STM32f103c6_Drivers/Src/EXTI.o
 .debug_macro   0x0000000000000000       0x57 STM32f103c6_Drivers/Src/EXTI.o
 .debug_macro   0x0000000000000000       0x52 STM32f103c6_Drivers/Src/EXTI.o
 .debug_macro   0x0000000000000000       0x1f STM32f103c6_Drivers/Src/EXTI.o
 .debug_macro   0x0000000000000000       0x43 STM32f103c6_Drivers/Src/EXTI.o
 .debug_macro   0x0000000000000000       0x20 STM32f103c6_Drivers/Src/EXTI.o
 .debug_macro   0x0000000000000000      0x1a3 STM32f103c6_Drivers/Src/EXTI.o
 .debug_macro   0x0000000000000000      0x330 STM32f103c6_Drivers/Src/EXTI.o
 .debug_macro   0x0000000000000000       0x16 STM32f103c6_Drivers/Src/EXTI.o
 .debug_macro   0x0000000000000000       0x29 STM32f103c6_Drivers/Src/EXTI.o
 .debug_macro   0x0000000000000000       0xef STM32f103c6_Drivers/Src/EXTI.o
 .debug_macro   0x0000000000000000       0x6a STM32f103c6_Drivers/Src/EXTI.o
 .debug_macro   0x0000000000000000      0x1df STM32f103c6_Drivers/Src/EXTI.o
 .debug_macro   0x0000000000000000       0x34 STM32f103c6_Drivers/Src/EXTI.o
 .debug_macro   0x0000000000000000       0xbe STM32f103c6_Drivers/Src/EXTI.o
 .group         0x0000000000000000        0xc STM32f103c6_Drivers/Src/GPIO.o
 .group         0x0000000000000000        0xc STM32f103c6_Drivers/Src/GPIO.o
 .group         0x0000000000000000        0xc STM32f103c6_Drivers/Src/GPIO.o
 .group         0x0000000000000000        0xc STM32f103c6_Drivers/Src/GPIO.o
 .group         0x0000000000000000        0xc STM32f103c6_Drivers/Src/GPIO.o
 .group         0x0000000000000000        0xc STM32f103c6_Drivers/Src/GPIO.o
 .group         0x0000000000000000        0xc STM32f103c6_Drivers/Src/GPIO.o
 .group         0x0000000000000000        0xc STM32f103c6_Drivers/Src/GPIO.o
 .group         0x0000000000000000        0xc STM32f103c6_Drivers/Src/GPIO.o
 .group         0x0000000000000000        0xc STM32f103c6_Drivers/Src/GPIO.o
 .group         0x0000000000000000        0xc STM32f103c6_Drivers/Src/GPIO.o
 .group         0x0000000000000000        0xc STM32f103c6_Drivers/Src/GPIO.o
 .group         0x0000000000000000        0xc STM32f103c6_Drivers/Src/GPIO.o
 .group         0x0000000000000000        0xc STM32f103c6_Drivers/Src/GPIO.o
 .group         0x0000000000000000        0xc STM32f103c6_Drivers/Src/GPIO.o
 .group         0x0000000000000000        0xc STM32f103c6_Drivers/Src/GPIO.o
 .group         0x0000000000000000        0xc STM32f103c6_Drivers/Src/GPIO.o
 .group         0x0000000000000000        0xc STM32f103c6_Drivers/Src/GPIO.o
 .group         0x0000000000000000        0xc STM32f103c6_Drivers/Src/GPIO.o
 .group         0x0000000000000000        0xc STM32f103c6_Drivers/Src/GPIO.o
 .group         0x0000000000000000        0xc STM32f103c6_Drivers/Src/GPIO.o
 .group         0x0000000000000000        0xc STM32f103c6_Drivers/Src/GPIO.o
 .group         0x0000000000000000        0xc STM32f103c6_Drivers/Src/GPIO.o
 .group         0x0000000000000000        0xc STM32f103c6_Drivers/Src/GPIO.o
 .group         0x0000000000000000        0xc STM32f103c6_Drivers/Src/GPIO.o
 .text          0x0000000000000000        0x0 STM32f103c6_Drivers/Src/GPIO.o
 .data          0x0000000000000000        0x0 STM32f103c6_Drivers/Src/GPIO.o
 .bss           0x0000000000000000        0x0 STM32f103c6_Drivers/Src/GPIO.o
 .text.GPIO_De_Init
                0x0000000000000000       0xd4 STM32f103c6_Drivers/Src/GPIO.o
 .text.MCAL_GPIO_Read_Pin
                0x0000000000000000       0x2e STM32f103c6_Drivers/Src/GPIO.o
 .text.MCAL_GPIO_Read_port
                0x0000000000000000       0x1e STM32f103c6_Drivers/Src/GPIO.o
 .text.MCAL_GPIO_Write_Pin
                0x0000000000000000       0x40 STM32f103c6_Drivers/Src/GPIO.o
 .text.MCAL_GPIO_Write_port
                0x0000000000000000       0x1a STM32f103c6_Drivers/Src/GPIO.o
 .text.MCAL_GPIO_Lock_Pin
                0x0000000000000000       0x6e STM32f103c6_Drivers/Src/GPIO.o
 .debug_macro   0x0000000000000000      0xa60 STM32f103c6_Drivers/Src/GPIO.o
 .debug_macro   0x0000000000000000       0x18 STM32f103c6_Drivers/Src/GPIO.o
 .debug_macro   0x0000000000000000       0x22 STM32f103c6_Drivers/Src/GPIO.o
 .debug_macro   0x0000000000000000       0x40 STM32f103c6_Drivers/Src/GPIO.o
 .debug_macro   0x0000000000000000       0x94 STM32f103c6_Drivers/Src/GPIO.o
 .debug_macro   0x0000000000000000       0x3c STM32f103c6_Drivers/Src/GPIO.o
 .debug_macro   0x0000000000000000       0x34 STM32f103c6_Drivers/Src/GPIO.o
 .debug_macro   0x0000000000000000       0x16 STM32f103c6_Drivers/Src/GPIO.o
 .debug_macro   0x0000000000000000      0x10e STM32f103c6_Drivers/Src/GPIO.o
 .debug_macro   0x0000000000000000       0x8d STM32f103c6_Drivers/Src/GPIO.o
 .debug_macro   0x0000000000000000       0x57 STM32f103c6_Drivers/Src/GPIO.o
 .debug_macro   0x0000000000000000       0x52 STM32f103c6_Drivers/Src/GPIO.o
 .debug_macro   0x0000000000000000       0x1f STM32f103c6_Drivers/Src/GPIO.o
 .debug_macro   0x0000000000000000       0x43 STM32f103c6_Drivers/Src/GPIO.o
 .debug_macro   0x0000000000000000       0x20 STM32f103c6_Drivers/Src/GPIO.o
 .debug_macro   0x0000000000000000      0x1a3 STM32f103c6_Drivers/Src/GPIO.o
 .debug_macro   0x0000000000000000      0x330 STM32f103c6_Drivers/Src/GPIO.o
 .debug_macro   0x0000000000000000       0x16 STM32f103c6_Drivers/Src/GPIO.o
 .debug_macro   0x0000000000000000       0x29 STM32f103c6_Drivers/Src/GPIO.o
 .debug_macro   0x0000000000000000       0xef STM32f103c6_Drivers/Src/GPIO.o
 .debug_macro   0x0000000000000000       0x6a STM32f103c6_Drivers/Src/GPIO.o
 .debug_macro   0x0000000000000000      0x1df STM32f103c6_Drivers/Src/GPIO.o
 .debug_macro   0x0000000000000000       0xf6 STM32f103c6_Drivers/Src/GPIO.o
 .debug_macro   0x0000000000000000       0x34 STM32f103c6_Drivers/Src/GPIO.o
 .debug_macro   0x0000000000000000       0xbe STM32f103c6_Drivers/Src/GPIO.o
 .group         0x0000000000000000        0xc Src/main.o
 .group         0x0000000000000000        0xc Src/main.o
 .group         0x0000000000000000        0xc Src/main.o
 .group         0x0000000000000000        0xc Src/main.o
 .group         0x0000000000000000        0xc Src/main.o
 .group         0x0000000000000000        0xc Src/main.o
 .group         0x0000000000000000        0xc Src/main.o
 .group         0x0000000000000000        0xc Src/main.o
 .group         0x0000000000000000        0xc Src/main.o
 .group         0x0000000000000000        0xc Src/main.o
 .group         0x0000000000000000        0xc Src/main.o
 .group         0x0000000000000000        0xc Src/main.o
 .group         0x0000000000000000        0xc Src/main.o
 .group         0x0000000000000000        0xc Src/main.o
 .group         0x0000000000000000        0xc Src/main.o
 .group         0x0000000000000000        0xc Src/main.o
 .group         0x0000000000000000        0xc Src/main.o
 .group         0x0000000000000000        0xc Src/main.o
 .group         0x0000000000000000        0xc Src/main.o
 .group         0x0000000000000000        0xc Src/main.o
 .group         0x0000000000000000        0xc Src/main.o
 .group         0x0000000000000000        0xc Src/main.o
 .group         0x0000000000000000        0xc Src/main.o
 .group         0x0000000000000000        0xc Src/main.o
 .group         0x0000000000000000        0xc Src/main.o
 .group         0x0000000000000000        0xc Src/main.o
 .text          0x0000000000000000        0x0 Src/main.o
 .data          0x0000000000000000        0x0 Src/main.o
 .bss           0x0000000000000000        0x0 Src/main.o
 .debug_macro   0x0000000000000000      0xa60 Src/main.o
 .debug_macro   0x0000000000000000       0x18 Src/main.o
 .debug_macro   0x0000000000000000       0x22 Src/main.o
 .debug_macro   0x0000000000000000       0x40 Src/main.o
 .debug_macro   0x0000000000000000       0x94 Src/main.o
 .debug_macro   0x0000000000000000       0x3c Src/main.o
 .debug_macro   0x0000000000000000       0x34 Src/main.o
 .debug_macro   0x0000000000000000       0x16 Src/main.o
 .debug_macro   0x0000000000000000      0x10e Src/main.o
 .debug_macro   0x0000000000000000       0x8d Src/main.o
 .debug_macro   0x0000000000000000       0x57 Src/main.o
 .debug_macro   0x0000000000000000       0x52 Src/main.o
 .debug_macro   0x0000000000000000       0x1f Src/main.o
 .debug_macro   0x0000000000000000       0x43 Src/main.o
 .debug_macro   0x0000000000000000       0x20 Src/main.o
 .debug_macro   0x0000000000000000      0x1a3 Src/main.o
 .debug_macro   0x0000000000000000      0x330 Src/main.o
 .debug_macro   0x0000000000000000       0x16 Src/main.o
 .debug_macro   0x0000000000000000       0x29 Src/main.o
 .debug_macro   0x0000000000000000       0xef Src/main.o
 .debug_macro   0x0000000000000000       0x6a Src/main.o
 .debug_macro   0x0000000000000000      0x1df Src/main.o
 .debug_macro   0x0000000000000000       0xf6 Src/main.o
 .debug_macro   0x0000000000000000       0x34 Src/main.o
 .debug_macro   0x0000000000000000       0xbe Src/main.o
 .debug_macro   0x0000000000000000      0x211 Src/main.o
 .group         0x0000000000000000        0xc Src/syscalls.o
 .group         0x0000000000000000        0xc Src/syscalls.o
 .group         0x0000000000000000        0xc Src/syscalls.o
 .group         0x0000000000000000        0xc Src/syscalls.o
 .group         0x0000000000000000        0xc Src/syscalls.o
 .group         0x0000000000000000        0xc Src/syscalls.o
 .group         0x0000000000000000        0xc Src/syscalls.o
 .group         0x0000000000000000        0xc Src/syscalls.o
 .group         0x0000000000000000        0xc Src/syscalls.o
 .group         0x0000000000000000        0xc Src/syscalls.o
 .group         0x0000000000000000        0xc Src/syscalls.o
 .group         0x0000000000000000        0xc Src/syscalls.o
 .group         0x0000000000000000        0xc Src/syscalls.o
 .group         0x0000000000000000        0xc Src/syscalls.o
 .group         0x0000000000000000        0xc Src/syscalls.o
 .group         0x0000000000000000        0xc Src/syscalls.o
 .group         0x0000000000000000        0xc Src/syscalls.o
 .group         0x0000000000000000        0xc Src/syscalls.o
 .group         0x0000000000000000        0xc Src/syscalls.o
 .group         0x0000000000000000        0xc Src/syscalls.o
 .group         0x0000000000000000        0xc Src/syscalls.o
 .group         0x0000000000000000        0xc Src/syscalls.o
 .group         0x0000000000000000        0xc Src/syscalls.o
 .group         0x0000000000000000        0xc Src/syscalls.o
 .group         0x0000000000000000        0xc Src/syscalls.o
 .group         0x0000000000000000        0xc Src/syscalls.o
 .group         0x0000000000000000        0xc Src/syscalls.o
 .group         0x0000000000000000        0xc Src/syscalls.o
 .group         0x0000000000000000        0xc Src/syscalls.o
 .group         0x0000000000000000        0xc Src/syscalls.o
 .group         0x0000000000000000        0xc Src/syscalls.o
 .group         0x0000000000000000        0xc Src/syscalls.o
 .group         0x0000000000000000        0xc Src/syscalls.o
 .group         0x0000000000000000        0xc Src/syscalls.o
 .group         0x0000000000000000        0xc Src/syscalls.o
 .group         0x0000000000000000        0xc Src/syscalls.o
 .group         0x0000000000000000        0xc Src/syscalls.o
 .group         0x0000000000000000        0xc Src/syscalls.o
 .group         0x0000000000000000        0xc Src/syscalls.o
 .group         0x0000000000000000        0xc Src/syscalls.o
 .group         0x0000000000000000        0xc Src/syscalls.o
 .group         0x0000000000000000        0xc Src/syscalls.o
 .group         0x0000000000000000        0xc Src/syscalls.o
 .group         0x0000000000000000        0xc Src/syscalls.o
 .text          0x0000000000000000        0x0 Src/syscalls.o
 .data          0x0000000000000000        0x0 Src/syscalls.o
 .bss           0x0000000000000000        0x0 Src/syscalls.o
 .bss.__env     0x0000000000000000        0x4 Src/syscalls.o
 .data.environ  0x0000000000000000        0x4 Src/syscalls.o
 .text.initialise_monitor_handles
                0x0000000000000000        0xc Src/syscalls.o
 .text._getpid  0x0000000000000000        0xe Src/syscalls.o
 .text._kill    0x0000000000000000       0x20 Src/syscalls.o
 .text._exit    0x0000000000000000       0x14 Src/syscalls.o
 .text._read    0x0000000000000000       0x3a Src/syscalls.o
 .text._write   0x0000000000000000       0x38 Src/syscalls.o
 .text._close   0x0000000000000000       0x16 Src/syscalls.o
 .text._fstat   0x0000000000000000       0x1e Src/syscalls.o
 .text._isatty  0x0000000000000000       0x14 Src/syscalls.o
 .text._lseek   0x0000000000000000       0x18 Src/syscalls.o
 .text._open    0x0000000000000000       0x1a Src/syscalls.o
 .text._wait    0x0000000000000000       0x1e Src/syscalls.o
 .text._unlink  0x0000000000000000       0x1e Src/syscalls.o
 .text._times   0x0000000000000000       0x16 Src/syscalls.o
 .text._stat    0x0000000000000000       0x1e Src/syscalls.o
 .text._link    0x0000000000000000       0x20 Src/syscalls.o
 .text._fork    0x0000000000000000       0x16 Src/syscalls.o
 .text._execve  0x0000000000000000       0x22 Src/syscalls.o
 .debug_info    0x0000000000000000      0xebd Src/syscalls.o
 .debug_abbrev  0x0000000000000000      0x261 Src/syscalls.o
 .debug_aranges
                0x0000000000000000       0xa8 Src/syscalls.o
 .debug_ranges  0x0000000000000000       0x98 Src/syscalls.o
 .debug_macro   0x0000000000000000      0x243 Src/syscalls.o
 .debug_macro   0x0000000000000000      0xa60 Src/syscalls.o
 .debug_macro   0x0000000000000000       0x22 Src/syscalls.o
 .debug_macro   0x0000000000000000       0x40 Src/syscalls.o
 .debug_macro   0x0000000000000000       0x18 Src/syscalls.o
 .debug_macro   0x0000000000000000       0x94 Src/syscalls.o
 .debug_macro   0x0000000000000000       0x3c Src/syscalls.o
 .debug_macro   0x0000000000000000       0x34 Src/syscalls.o
 .debug_macro   0x0000000000000000       0x57 Src/syscalls.o
 .debug_macro   0x0000000000000000      0x174 Src/syscalls.o
 .debug_macro   0x0000000000000000      0x330 Src/syscalls.o
 .debug_macro   0x0000000000000000       0x52 Src/syscalls.o
 .debug_macro   0x0000000000000000       0x1f Src/syscalls.o
 .debug_macro   0x0000000000000000       0x43 Src/syscalls.o
 .debug_macro   0x0000000000000000       0x20 Src/syscalls.o
 .debug_macro   0x0000000000000000      0x1a3 Src/syscalls.o
 .debug_macro   0x0000000000000000       0x10 Src/syscalls.o
 .debug_macro   0x0000000000000000       0x35 Src/syscalls.o
 .debug_macro   0x0000000000000000       0x10 Src/syscalls.o
 .debug_macro   0x0000000000000000       0x10 Src/syscalls.o
 .debug_macro   0x0000000000000000       0x10 Src/syscalls.o
 .debug_macro   0x0000000000000000       0x6a Src/syscalls.o
 .debug_macro   0x0000000000000000       0x1c Src/syscalls.o
 .debug_macro   0x0000000000000000       0x52 Src/syscalls.o
 .debug_macro   0x0000000000000000       0x40 Src/syscalls.o
 .debug_macro   0x0000000000000000       0x10 Src/syscalls.o
 .debug_macro   0x0000000000000000       0x40 Src/syscalls.o
 .debug_macro   0x0000000000000000       0xd7 Src/syscalls.o
 .debug_macro   0x0000000000000000       0x1c Src/syscalls.o
 .debug_macro   0x0000000000000000       0x3d Src/syscalls.o
 .debug_macro   0x0000000000000000       0x35 Src/syscalls.o
 .debug_macro   0x0000000000000000      0x122 Src/syscalls.o
 .debug_macro   0x0000000000000000       0x16 Src/syscalls.o
 .debug_macro   0x0000000000000000       0x16 Src/syscalls.o
 .debug_macro   0x0000000000000000       0x29 Src/syscalls.o
 .debug_macro   0x0000000000000000       0x10 Src/syscalls.o
 .debug_macro   0x0000000000000000      0x241 Src/syscalls.o
 .debug_macro   0x0000000000000000       0x1c Src/syscalls.o
 .debug_macro   0x0000000000000000       0x10 Src/syscalls.o
 .debug_macro   0x0000000000000000       0x10 Src/syscalls.o
 .debug_macro   0x0000000000000000       0x16 Src/syscalls.o
 .debug_macro   0x0000000000000000      0x145 Src/syscalls.o
 .debug_macro   0x0000000000000000      0x189 Src/syscalls.o
 .debug_macro   0x0000000000000000       0x16 Src/syscalls.o
 .debug_macro   0x0000000000000000       0x88 Src/syscalls.o
 .debug_line    0x0000000000000000      0x739 Src/syscalls.o
 .debug_str     0x0000000000000000     0x8886 Src/syscalls.o
 .comment       0x0000000000000000       0x7c Src/syscalls.o
 .debug_frame   0x0000000000000000      0x2ac Src/syscalls.o
 .ARM.attributes
                0x0000000000000000       0x33 Src/syscalls.o
 .group         0x0000000000000000        0xc Src/sysmem.o
 .group         0x0000000000000000        0xc Src/sysmem.o
 .group         0x0000000000000000        0xc Src/sysmem.o
 .group         0x0000000000000000        0xc Src/sysmem.o
 .group         0x0000000000000000        0xc Src/sysmem.o
 .group         0x0000000000000000        0xc Src/sysmem.o
 .group         0x0000000000000000        0xc Src/sysmem.o
 .group         0x0000000000000000        0xc Src/sysmem.o
 .group         0x0000000000000000        0xc Src/sysmem.o
 .group         0x0000000000000000        0xc Src/sysmem.o
 .group         0x0000000000000000        0xc Src/sysmem.o
 .group         0x0000000000000000        0xc Src/sysmem.o
 .group         0x0000000000000000        0xc Src/sysmem.o
 .group         0x0000000000000000        0xc Src/sysmem.o
 .group         0x0000000000000000        0xc Src/sysmem.o
 .group         0x0000000000000000        0xc Src/sysmem.o
 .group         0x0000000000000000        0xc Src/sysmem.o
 .group         0x0000000000000000        0xc Src/sysmem.o
 .group         0x0000000000000000        0xc Src/sysmem.o
 .text          0x0000000000000000        0x0 Src/sysmem.o
 .data          0x0000000000000000        0x0 Src/sysmem.o
 .bss           0x0000000000000000        0x0 Src/sysmem.o
 .bss.__sbrk_heap_end
                0x0000000000000000        0x4 Src/sysmem.o
 .text._sbrk    0x0000000000000000       0x6c Src/sysmem.o
 .debug_info    0x0000000000000000      0x985 Src/sysmem.o
 .debug_abbrev  0x0000000000000000      0x19b Src/sysmem.o
 .debug_aranges
                0x0000000000000000       0x20 Src/sysmem.o
 .debug_ranges  0x0000000000000000       0x10 Src/sysmem.o
 .debug_macro   0x0000000000000000       0xee Src/sysmem.o
 .debug_macro   0x0000000000000000      0xa60 Src/sysmem.o
 .debug_macro   0x0000000000000000       0x10 Src/sysmem.o
 .debug_macro   0x0000000000000000       0x22 Src/sysmem.o
 .debug_macro   0x0000000000000000       0x40 Src/sysmem.o
 .debug_macro   0x0000000000000000       0x18 Src/sysmem.o
 .debug_macro   0x0000000000000000       0x94 Src/sysmem.o
 .debug_macro   0x0000000000000000       0x3c Src/sysmem.o
 .debug_macro   0x0000000000000000       0x34 Src/sysmem.o
 .debug_macro   0x0000000000000000      0x174 Src/sysmem.o
 .debug_macro   0x0000000000000000       0x57 Src/sysmem.o
 .debug_macro   0x0000000000000000       0x52 Src/sysmem.o
 .debug_macro   0x0000000000000000       0x1f Src/sysmem.o
 .debug_macro   0x0000000000000000       0x43 Src/sysmem.o
 .debug_macro   0x0000000000000000       0x20 Src/sysmem.o
 .debug_macro   0x0000000000000000      0x1a3 Src/sysmem.o
 .debug_macro   0x0000000000000000      0x23b Src/sysmem.o
 .debug_macro   0x0000000000000000       0xef Src/sysmem.o
 .debug_macro   0x0000000000000000       0x6a Src/sysmem.o
 .debug_macro   0x0000000000000000      0x1df Src/sysmem.o
 .debug_line    0x0000000000000000      0x4c2 Src/sysmem.o
 .debug_str     0x0000000000000000     0x5f54 Src/sysmem.o
 .comment       0x0000000000000000       0x7c Src/sysmem.o
 .debug_frame   0x0000000000000000       0x34 Src/sysmem.o
 .ARM.attributes
                0x0000000000000000       0x33 Src/sysmem.o
 .text          0x0000000000000000       0x14 Startup/startup_stm32f103c6tx.o
 .data          0x0000000000000000        0x0 Startup/startup_stm32f103c6tx.o
 .bss           0x0000000000000000        0x0 Startup/startup_stm32f103c6tx.o
 .text          0x0000000000000000        0x0 c:/st/stm32cubeide_1.4.0/stm32cubeide/plugins/com.st.stm32cube.ide.mcu.externaltools.gnu-tools-for-stm32.7-2018-q2-update.win32_1.4.0.202007081208/tools/bin/../lib/gcc/arm-none-eabi/7.3.1/../../../../arm-none-eabi/lib/thumb/v7-m\libc_nano.a(lib_a-errno.o)
 .data          0x0000000000000000        0x0 c:/st/stm32cubeide_1.4.0/stm32cubeide/plugins/com.st.stm32cube.ide.mcu.externaltools.gnu-tools-for-stm32.7-2018-q2-update.win32_1.4.0.202007081208/tools/bin/../lib/gcc/arm-none-eabi/7.3.1/../../../../arm-none-eabi/lib/thumb/v7-m\libc_nano.a(lib_a-errno.o)
 .bss           0x0000000000000000        0x0 c:/st/stm32cubeide_1.4.0/stm32cubeide/plugins/com.st.stm32cube.ide.mcu.externaltools.gnu-tools-for-stm32.7-2018-q2-update.win32_1.4.0.202007081208/tools/bin/../lib/gcc/arm-none-eabi/7.3.1/../../../../arm-none-eabi/lib/thumb/v7-m\libc_nano.a(lib_a-errno.o)
 .text.__errno  0x0000000000000000        0xc c:/st/stm32cubeide_1.4.0/stm32cubeide/plugins/com.st.stm32cube.ide.mcu.externaltools.gnu-tools-for-stm32.7-2018-q2-update.win32_1.4.0.202007081208/tools/bin/../lib/gcc/arm-none-eabi/7.3.1/../../../../arm-none-eabi/lib/thumb/v7-m\libc_nano.a(lib_a-errno.o)
 .debug_frame   0x0000000000000000       0x20 c:/st/stm32cubeide_1.4.0/stm32cubeide/plugins/com.st.stm32cube.ide.mcu.externaltools.gnu-tools-for-stm32.7-2018-q2-update.win32_1.4.0.202007081208/tools/bin/../lib/gcc/arm-none-eabi/7.3.1/../../../../arm-none-eabi/lib/thumb/v7-m\libc_nano.a(lib_a-errno.o)
 .ARM.attributes
                0x0000000000000000       0x2d c:/st/stm32cubeide_1.4.0/stm32cubeide/plugins/com.st.stm32cube.ide.mcu.externaltools.gnu-tools-for-stm32.7-2018-q2-update.win32_1.4.0.202007081208/tools/bin/../lib/gcc/arm-none-eabi/7.3.1/../../../../arm-none-eabi/lib/thumb/v7-m\libc_nano.a(lib_a-errno.o)
 .text          0x0000000000000000        0x0 c:/st/stm32cubeide_1.4.0/stm32cubeide/plugins/com.st.stm32cube.ide.mcu.externaltools.gnu-tools-for-stm32.7-2018-q2-update.win32_1.4.0.202007081208/tools/bin/../lib/gcc/arm-none-eabi/7.3.1/../../../../arm-none-eabi/lib/thumb/v7-m\libc_nano.a(lib_a-exit.o)
 .data          0x0000000000000000        0x0 c:/st/stm32cubeide_1.4.0/stm32cubeide/plugins/com.st.stm32cube.ide.mcu.externaltools.gnu-tools-for-stm32.7-2018-q2-update.win32_1.4.0.202007081208/tools/bin/../lib/gcc/arm-none-eabi/7.3.1/../../../../arm-none-eabi/lib/thumb/v7-m\libc_nano.a(lib_a-exit.o)
 .bss           0x0000000000000000        0x0 c:/st/stm32cubeide_1.4.0/stm32cubeide/plugins/com.st.stm32cube.ide.mcu.externaltools.gnu-tools-for-stm32.7-2018-q2-update.win32_1.4.0.202007081208/tools/bin/../lib/gcc/arm-none-eabi/7.3.1/../../../../arm-none-eabi/lib/thumb/v7-m\libc_nano.a(lib_a-exit.o)
 .text.exit     0x0000000000000000       0x28 c:/st/stm32cubeide_1.4.0/stm32cubeide/plugins/com.st.stm32cube.ide.mcu.externaltools.gnu-tools-for-stm32.7-2018-q2-update.win32_1.4.0.202007081208/tools/bin/../lib/gcc/arm-none-eabi/7.3.1/../../../../arm-none-eabi/lib/thumb/v7-m\libc_nano.a(lib_a-exit.o)
 .debug_frame   0x0000000000000000       0x28 c:/st/stm32cubeide_1.4.0/stm32cubeide/plugins/com.st.stm32cube.ide.mcu.externaltools.gnu-tools-for-stm32.7-2018-q2-update.win32_1.4.0.202007081208/tools/bin/../lib/gcc/arm-none-eabi/7.3.1/../../../../arm-none-eabi/lib/thumb/v7-m\libc_nano.a(lib_a-exit.o)
 .ARM.attributes
                0x0000000000000000       0x2d c:/st/stm32cubeide_1.4.0/stm32cubeide/plugins/com.st.stm32cube.ide.mcu.externaltools.gnu-tools-for-stm32.7-2018-q2-update.win32_1.4.0.202007081208/tools/bin/../lib/gcc/arm-none-eabi/7.3.1/../../../../arm-none-eabi/lib/thumb/v7-m\libc_nano.a(lib_a-exit.o)
 .text          0x0000000000000000        0x0 c:/st/stm32cubeide_1.4.0/stm32cubeide/plugins/com.st.stm32cube.ide.mcu.externaltools.gnu-tools-for-stm32.7-2018-q2-update.win32_1.4.0.202007081208/tools/bin/../lib/gcc/arm-none-eabi/7.3.1/../../../../arm-none-eabi/lib/thumb/v7-m\libc_nano.a(lib_a-impure.o)
 .data          0x0000000000000000        0x0 c:/st/stm32cubeide_1.4.0/stm32cubeide/plugins/com.st.stm32cube.ide.mcu.externaltools.gnu-tools-for-stm32.7-2018-q2-update.win32_1.4.0.202007081208/tools/bin/../lib/gcc/arm-none-eabi/7.3.1/../../../../arm-none-eabi/lib/thumb/v7-m\libc_nano.a(lib_a-impure.o)
 .bss           0x0000000000000000        0x0 c:/st/stm32cubeide_1.4.0/stm32cubeide/plugins/com.st.stm32cube.ide.mcu.externaltools.gnu-tools-for-stm32.7-2018-q2-update.win32_1.4.0.202007081208/tools/bin/../lib/gcc/arm-none-eabi/7.3.1/../../../../arm-none-eabi/lib/thumb/v7-m\libc_nano.a(lib_a-impure.o)
 .data._impure_ptr
                0x0000000000000000        0x4 c:/st/stm32cubeide_1.4.0/stm32cubeide/plugins/com.st.stm32cube.ide.mcu.externaltools.gnu-tools-for-stm32.7-2018-q2-update.win32_1.4.0.202007081208/tools/bin/../lib/gcc/arm-none-eabi/7.3.1/../../../../arm-none-eabi/lib/thumb/v7-m\libc_nano.a(lib_a-impure.o)
 .data.impure_data
                0x0000000000000000       0x60 c:/st/stm32cubeide_1.4.0/stm32cubeide/plugins/com.st.stm32cube.ide.mcu.externaltools.gnu-tools-for-stm32.7-2018-q2-update.win32_1.4.0.202007081208/tools/bin/../lib/gcc/arm-none-eabi/7.3.1/../../../../arm-none-eabi/lib/thumb/v7-m\libc_nano.a(lib_a-impure.o)
 .rodata._global_impure_ptr
                0x0000000000000000        0x4 c:/st/stm32cubeide_1.4.0/stm32cubeide/plugins/com.st.stm32cube.ide.mcu.externaltools.gnu-tools-for-stm32.7-2018-q2-update.win32_1.4.0.202007081208/tools/bin/../lib/gcc/arm-none-eabi/7.3.1/../../../../arm-none-eabi/lib/thumb/v7-m\libc_nano.a(lib_a-impure.o)
 .ARM.attributes
                0x0000000000000000       0x2d c:/st/stm32cubeide_1.4.0/stm32cubeide/plugins/com.st.stm32cube.ide.mcu.externaltools.gnu-tools-for-stm32.7-2018-q2-update.win32_1.4.0.202007081208/tools/bin/../lib/gcc/arm-none-eabi/7.3.1/../../../../arm-none-eabi/lib/thumb/v7-m\libc_nano.a(lib_a-impure.o)
 .text          0x0000000000000000        0x0 c:/st/stm32cubeide_1.4.0/stm32cubeide/plugins/com.st.stm32cube.ide.mcu.externaltools.gnu-tools-for-stm32.7-2018-q2-update.win32_1.4.0.202007081208/tools/bin/../lib/gcc/arm-none-eabi/7.3.1/../../../../arm-none-eabi/lib/thumb/v7-m\libc_nano.a(lib_a-init.o)
 .data          0x0000000000000000        0x0 c:/st/stm32cubeide_1.4.0/stm32cubeide/plugins/com.st.stm32cube.ide.mcu.externaltools.gnu-tools-for-stm32.7-2018-q2-update.win32_1.4.0.202007081208/tools/bin/../lib/gcc/arm-none-eabi/7.3.1/../../../../arm-none-eabi/lib/thumb/v7-m\libc_nano.a(lib_a-init.o)
 .bss           0x0000000000000000        0x0 c:/st/stm32cubeide_1.4.0/stm32cubeide/plugins/com.st.stm32cube.ide.mcu.externaltools.gnu-tools-for-stm32.7-2018-q2-update.win32_1.4.0.202007081208/tools/bin/../lib/gcc/arm-none-eabi/7.3.1/../../../../arm-none-eabi/lib/thumb/v7-m\libc_nano.a(lib_a-init.o)
 .text          0x0000000000000000        0x0 c:/st/stm32cubeide_1.4.0/stm32cubeide/plugins/com.st.stm32cube.ide.mcu.externaltools.gnu-tools-for-stm32.7-2018-q2-update.win32_1.4.0.202007081208/tools/bin/../lib/gcc/arm-none-eabi/7.3.1/../../../../arm-none-eabi/lib/thumb/v7-m\libc_nano.a(lib_a-memset.o)
 .data          0x0000000000000000        0x0 c:/st/stm32cubeide_1.4.0/stm32cubeide/plugins/com.st.stm32cube.ide.mcu.externaltools.gnu-tools-for-stm32.7-2018-q2-update.win32_1.4.0.202007081208/tools/bin/../lib/gcc/arm-none-eabi/7.3.1/../../../../arm-none-eabi/lib/thumb/v7-m\libc_nano.a(lib_a-memset.o)
 .bss           0x0000000000000000        0x0 c:/st/stm32cubeide_1.4.0/stm32cubeide/plugins/com.st.stm32cube.ide.mcu.externaltools.gnu-tools-for-stm32.7-2018-q2-update.win32_1.4.0.202007081208/tools/bin/../lib/gcc/arm-none-eabi/7.3.1/../../../../arm-none-eabi/lib/thumb/v7-m\libc_nano.a(lib_a-memset.o)
 .text.memset   0x0000000000000000       0x10 c:/st/stm32cubeide_1.4.0/stm32cubeide/plugins/com.st.stm32cube.ide.mcu.externaltools.gnu-tools-for-stm32.7-2018-q2-update.win32_1.4.0.202007081208/tools/bin/../lib/gcc/arm-none-eabi/7.3.1/../../../../arm-none-eabi/lib/thumb/v7-m\libc_nano.a(lib_a-memset.o)
 .debug_frame   0x0000000000000000       0x20 c:/st/stm32cubeide_1.4.0/stm32cubeide/plugins/com.st.stm32cube.ide.mcu.externaltools.gnu-tools-for-stm32.7-2018-q2-update.win32_1.4.0.202007081208/tools/bin/../lib/gcc/arm-none-eabi/7.3.1/../../../../arm-none-eabi/lib/thumb/v7-m\libc_nano.a(lib_a-memset.o)
 .ARM.attributes
                0x0000000000000000       0x2d c:/st/stm32cubeide_1.4.0/stm32cubeide/plugins/com.st.stm32cube.ide.mcu.externaltools.gnu-tools-for-stm32.7-2018-q2-update.win32_1.4.0.202007081208/tools/bin/../lib/gcc/arm-none-eabi/7.3.1/../../../../arm-none-eabi/lib/thumb/v7-m\libc_nano.a(lib_a-memset.o)
 .text          0x0000000000000000        0x0 c:/st/stm32cubeide_1.4.0/stm32cubeide/plugins/com.st.stm32cube.ide.mcu.externaltools.gnu-tools-for-stm32.7-2018-q2-update.win32_1.4.0.202007081208/tools/bin/../lib/gcc/arm-none-eabi/7.3.1/thumb/v7-m/crtend.o
 .data          0x0000000000000000        0x0 c:/st/stm32cubeide_1.4.0/stm32cubeide/plugins/com.st.stm32cube.ide.mcu.externaltools.gnu-tools-for-stm32.7-2018-q2-update.win32_1.4.0.202007081208/tools/bin/../lib/gcc/arm-none-eabi/7.3.1/thumb/v7-m/crtend.o
 .bss           0x0000000000000000        0x0 c:/st/stm32cubeide_1.4.0/stm32cubeide/plugins/com.st.stm32cube.ide.mcu.externaltools.gnu-tools-for-stm32.7-2018-q2-update.win32_1.4.0.202007081208/tools/bin/../lib/gcc/arm-none-eabi/7.3.1/thumb/v7-m/crtend.o
 .eh_frame      0x0000000000000000        0x4 c:/st/stm32cubeide_1.4.0/stm32cubeide/plugins/com.st.stm32cube.ide.mcu.externaltools.gnu-tools-for-stm32.7-2018-q2-update.win32_1.4.0.202007081208/tools/bin/../lib/gcc/arm-none-eabi/7.3.1/thumb/v7-m/crtend.o
 .ARM.attributes
                0x0000000000000000       0x2d c:/st/stm32cubeide_1.4.0/stm32cubeide/plugins/com.st.stm32cube.ide.mcu.externaltools.gnu-tools-for-stm32.7-2018-q2-update.win32_1.4.0.202007081208/tools/bin/../lib/gcc/arm-none-eabi/7.3.1/thumb/v7-m/crtend.o
 .text          0x0000000000000000        0x0 c:/st/stm32cubeide_1.4.0/stm32cubeide/plugins/com.st.stm32cube.ide.mcu.externaltools.gnu-tools-for-stm32.7-2018-q2-update.win32_1.4.0.202007081208/tools/bin/../lib/gcc/arm-none-eabi/7.3.1/thumb/v7-m/crtn.o
 .data          0x0000000000000000        0x0 c:/st/stm32cubeide_1.4.0/stm32cubeide/plugins/com.st.stm32cube.ide.mcu.externaltools.gnu-tools-for-stm32.7-2018-q2-update.win32_1.4.0.202007081208/tools/bin/../lib/gcc/arm-none-eabi/7.3.1/thumb/v7-m/crtn.o
 .bss           0x0000000000000000        0x0 c:/st/stm32cubeide_1.4.0/stm32cubeide/plugins/com.st.stm32cube.ide.mcu.externaltools.gnu-tools-for-stm32.7-2018-q2-update.win32_1.4.0.202007081208/tools/bin/../lib/gcc/arm-none-eabi/7.3.1/thumb/v7-m/crtn.o

Memory Configuration

Name             Origin             Length             Attributes
RAM              0x0000000020000000 0x0000000000002800 xrw
ROM              0x0000000008000000 0x0000000000008000 xr
*default*        0x0000000000000000 0xffffffffffffffff

Linker script and memory map

LOAD c:/st/stm32cubeide_1.4.0/stm32cubeide/plugins/com.st.stm32cube.ide.mcu.externaltools.gnu-tools-for-stm32.7-2018-q2-update.win32_1.4.0.202007081208/tools/bin/../lib/gcc/arm-none-eabi/7.3.1/thumb/v7-m/crti.o
LOAD c:/st/stm32cubeide_1.4.0/stm32cubeide/plugins/com.st.stm32cube.ide.mcu.externaltools.gnu-tools-for-stm32.7-2018-q2-update.win32_1.4.0.202007081208/tools/bin/../lib/gcc/arm-none-eabi/7.3.1/thumb/v7-m/crtbegin.o
LOAD c:/st/stm32cubeide_1.4.0/stm32cubeide/plugins/com.st.stm32cube.ide.mcu.externaltools.gnu-tools-for-stm32.7-2018-q2-update.win32_1.4.0.202007081208/tools/bin/../lib/gcc/arm-none-eabi/7.3.1/../../../../arm-none-eabi/lib/thumb/v7-m/crt0.o
LOAD HAL/Src/Keypad.o
LOAD HAL/Src/LCD.o
LOAD STM32f103c6_Drivers/Src/EXTI.o
LOAD STM32f103c6_Drivers/Src/GPIO.o
LOAD Src/main.o
LOAD Src/syscalls.o
LOAD Src/sysmem.o
LOAD Startup/startup_stm32f103c6tx.o
START GROUP
LOAD c:/st/stm32cubeide_1.4.0/stm32cubeide/plugins/com.st.stm32cube.ide.mcu.externaltools.gnu-tools-for-stm32.7-2018-q2-update.win32_1.4.0.202007081208/tools/bin/../lib/gcc/arm-none-eabi/7.3.1/../../../../arm-none-eabi/lib/thumb/v7-m\libc_nano.a
LOAD c:/st/stm32cubeide_1.4.0/stm32cubeide/plugins/com.st.stm32cube.ide.mcu.externaltools.gnu-tools-for-stm32.7-2018-q2-update.win32_1.4.0.202007081208/tools/bin/../lib/gcc/arm-none-eabi/7.3.1/../../../../arm-none-eabi/lib/thumb/v7-m\libm.a
END GROUP
START GROUP
LOAD c:/st/stm32cubeide_1.4.0/stm32cubeide/plugins/com.st.stm32cube.ide.mcu.externaltools.gnu-tools-for-stm32.7-2018-q2-update.win32_1.4.0.202007081208/tools/bin/../lib/gcc/arm-none-eabi/7.3.1/thumb/v7-m\libgcc.a
LOAD c:/st/stm32cubeide_1.4.0/stm32cubeide/plugins/com.st.stm32cube.ide.mcu.externaltools.gnu-tools-for-stm32.7-2018-q2-update.win32_1.4.0.202007081208/tools/bin/../lib/gcc/arm-none-eabi/7.3.1/../../../../arm-none-eabi/lib/thumb/v7-m\libc_nano.a
END GROUP
START GROUP
LOAD c:/st/stm32cubeide_1.4.0/stm32cubeide/plugins/com.st.stm32cube.ide.mcu.externaltools.gnu-tools-for-stm32.7-2018-q2-update.win32_1.4.0.202007081208/tools/bin/../lib/gcc/arm-none-eabi/7.3.1/thumb/v7-m\libgcc.a
LOAD c:/st/stm32cubeide_1.4.0/stm32cubeide/plugins/com.st.stm32cube.ide.mcu.externaltools.gnu-tools-for-stm32.7-2018-q2-update.win32_1.4.0.202007081208/tools/bin/../lib/gcc/arm-none-eabi/7.3.1/../../../../arm-none-eabi/lib/thumb/v7-m\libc_nano.a
LOAD c:/st/stm32cubeide_1.4.0/stm32cubeide/plugins/com.st.stm32cube.ide.mcu.externaltools.gnu-tools-for-stm32.7-2018-q2-update.win32_1.4.0.202007081208/tools/bin/../lib/gcc/arm-none-eabi/7.3.1/../../../../arm-none-eabi/lib/thumb/v7-m\libnosys.a
END GROUP
START GROUP
LOAD c:/st/stm32cubeide_1.4.0/stm32cubeide/plugins/com.st.stm32cube.ide.mcu.externaltools.gnu-tools-for-stm32.7-2018-q2-update.win32_1.4.0.202007081208/tools/bin/../lib/gcc/arm-none-eabi/7.3.1/thumb/v7-m\libgcc.a
LOAD c:/st/stm32cubeide_1.4.0/stm32cubeide/plugins/com.st.stm32cube.ide.mcu.externaltools.gnu-tools-for-stm32.7-2018-q2-update.win32_1.4.0.202007081208/tools/bin/../lib/gcc/arm-none-eabi/7.3.1/../../../../arm-none-eabi/lib/thumb/v7-m\libc_nano.a
LOAD c:/st/stm32cubeide_1.4.0/stm32cubeide/plugins/com.st.stm32cube.ide.mcu.externaltools.gnu-tools-for-stm32.7-2018-q2-update.win32_1.4.0.202007081208/tools/bin/../lib/gcc/arm-none-eabi/7.3.1/../../../../arm-none-eabi/lib/thumb/v7-m\libnosys.a
END GROUP
LOAD c:/st/stm32cubeide_1.4.0/stm32cubeide/plugins/com.st.stm32cube.ide.mcu.externaltools.gnu-tools-for-stm32.7-2018-q2-update.win32_1.4.0.202007081208/tools/bin/../lib/gcc/arm-none-eabi/7.3.1/thumb/v7-m/crtend.o
LOAD c:/st/stm32cubeide_1.4.0/stm32cubeide/plugins/com.st.stm32cube.ide.mcu.externaltools.gnu-tools-for-stm32.7-2018-q2-update.win32_1.4.0.202007081208/tools/bin/../lib/gcc/arm-none-eabi/7.3.1/thumb/v7-m/crtn.o
                0x0000000020002800                _estack = (ORIGIN (RAM) + LENGTH (RAM))
                0x0000000000000200                _Min_Heap_Size = 0x200
                0x0000000000000400                _Min_Stack_Size = 0x400

.isr_vector     0x0000000008000000      0x130
                0x0000000008000000                . = ALIGN (0x4)
 *(.isr_vector)
 .isr_vector    0x0000000008000000      0x130 Startup/startup_stm32f103c6tx.o
                0x0000000008000000                g_pfnVectors
                0x0000000008000130                . = ALIGN (0x4)

.text           0x0000000008000130      0x858
                0x0000000008000130                . = ALIGN (0x4)
 *(.text)
 .text          0x0000000008000130       0x40 c:/st/stm32cubeide_1.4.0/stm32cubeide/plugins/com.st.stm32cube.ide.mcu.externaltools.gnu-tools-for-stm32.7-2018-q2-update.win32_1.4.0.202007081208/tools/bin/../lib/gcc/arm-none-eabi/7.3.1/thumb/v7-m/crtbegin.o
 *(.text*)
 .text.EXTI_GPIO_Inite
                0x0000000008000170      0x19c STM32f103c6_Drivers/Src/EXTI.o
                0x0000000008000170                EXTI_GPIO_Inite
 .text.EXTI_GPIO_Update
                0x000000000800030c       0xc4 STM32f103c6_Drivers/Src/EXTI.o
                0x000000000800030c                EXTI_GPIO_Update
 .text.EXTI0_IRQHandler
                0x00000000080003d0       0x24 STM32f103c6_Drivers/Src/EXTI.o
                0x00000000080003d0                EXTI0_IRQHandler
 .text.EXTI1_IRQHandler
                0x00000000080003f4       0x24 STM32f103c6_Drivers/Src/EXTI.o
                0x00000000080003f4                EXTI1_IRQHandler
 .text.EXTI2_IRQHandler
                0x0000000008000418       0x24 STM32f103c6_Drivers/Src/EXTI.o
                0x0000000008000418                EXTI2_IRQHandler
 .text.EXTI3_IRQHandler
                0x000000000800043c       0x24 STM32f103c6_Drivers/Src/EXTI.o
                0x000000000800043c                EXTI3_IRQHandler
 .text.EXTI4_IRQHandler
                0x0000000008000460       0x24 STM32f103c6_Drivers/Src/EXTI.o
                0x0000000008000460                EXTI4_IRQHandler
 .text.EXTI9_5_IRQHandler
                0x0000000008000484       0xb8 STM32f103c6_Drivers/Src/EXTI.o
                0x0000000008000484                EXTI9_5_IRQHandler
 .text.EXTI15_10_IRQHandler
                0x000000000800053c       0xdc STM32f103c6_Drivers/Src/EXTI.o
                0x000000000800053c                EXTI15_10_IRQHandler
 .text.MCAL_GPIO_Init
                0x0000000008000618      0x1b4 STM32f103c6_Drivers/Src/GPIO.o
                0x0000000008000618                MCAL_GPIO_Init
 .text.MCAL_GPIO_TogglePin
                0x00000000080007cc       0x28 STM32f103c6_Drivers/Src/GPIO.o
                0x00000000080007cc                MCAL_GPIO_TogglePin
 .text.fun_0    0x00000000080007f4       0x38 Src/main.o
                0x00000000080007f4                fun_0
 .text.main     0x000000000800082c       0xa8 Src/main.o
                0x000000000800082c                main
 .text.Reset_Handler
                0x00000000080008d4       0x50 Startup/startup_stm32f103c6tx.o
                0x00000000080008d4                Reset_Handler
 .text.Default_Handler
                0x0000000008000924        0x2 Startup/startup_stm32f103c6tx.o
                0x0000000008000924                TIM8_TRG_COM_IRQHandler
                0x0000000008000924                TIM8_CC_IRQHandler
                0x0000000008000924                DebugMon_Handler
                0x0000000008000924                TIM1_CC_IRQHandler
                0x0000000008000924                HardFault_Handler
                0x0000000008000924                TIM6_IRQHandler
                0x0000000008000924                SysTick_Handler
                0x0000000008000924                PVD_IRQHandler
                0x0000000008000924                SDIO_IRQHandler
                0x0000000008000924                PendSV_Handler
                0x0000000008000924                NMI_Handler
                0x0000000008000924                USB_HP_CAN_TX_IRQHandler
                0x0000000008000924                I2C2_EV_IRQHandler
                0x0000000008000924                UsageFault_Handler
                0x0000000008000924                ADC1_2_IRQHandler
                0x0000000008000924                SPI1_IRQHandler
                0x0000000008000924                CAN_SCE_IRQHandler
                0x0000000008000924                TAMPER_IRQHandler
                0x0000000008000924                TIM8_UP_IRQHandler
                0x0000000008000924                DMA2_Channel2_IRQHandler
                0x0000000008000924                DMA1_Channel4_IRQHandler
                0x0000000008000924                USART3_IRQHandler
                0x0000000008000924                RTC_IRQHandler
                0x0000000008000924                DMA1_Channel7_IRQHandler
                0x0000000008000924                UART5_IRQHandler
                0x0000000008000924                ADC3_IRQHandler
                0x0000000008000924                TIM4_IRQHandler
                0x0000000008000924                CAN_RX1_IRQHandler
                0x0000000008000924                DMA2_Channel1_IRQHandler
                0x0000000008000924                I2C1_EV_IRQHandler
                0x0000000008000924                DMA1_Channel6_IRQHandler
                0x0000000008000924                UART4_IRQHandler
                0x0000000008000924                TIM3_IRQHandler
                0x0000000008000924                RCC_IRQHandler
                0x0000000008000924                TIM1_TRG_COM_IRQHandler
                0x0000000008000924                DMA1_Channel1_IRQHandler
                0x0000000008000924                Default_Handler
                0x0000000008000924                TIM7_IRQHandler
                0x0000000008000924                TIM5_IRQHandler
                0x0000000008000924                SPI2_IRQHandler
                0x0000000008000924                USB_LP_CAN_RX0_IRQHandler
                0x0000000008000924                MemManage_Handler
                0x0000000008000924                SVC_Handler
                0x0000000008000924                DMA1_Channel5_IRQHandler
                0x0000000008000924                DMA1_Channel3_IRQHandler
                0x0000000008000924                FSMC_IRQHandler
                0x0000000008000924                TIM1_UP_IRQHandler
                0x0000000008000924                WWDG_IRQHandler
                0x0000000008000924                TIM2_IRQHandler
                0x0000000008000924                TIM1_BRK_IRQHandler
                0x0000000008000924                RTCAlarm_IRQHandler
                0x0000000008000924                DMA2_Channel4_5_IRQHandler
                0x0000000008000924                USART2_IRQHandler
                0x0000000008000924                I2C2_ER_IRQHandler
                0x0000000008000924                DMA1_Channel2_IRQHandler
                0x0000000008000924                TIM8_BRK_IRQHandler
                0x0000000008000924                FLASH_IRQHandler
                0x0000000008000924                BusFault_Handler
                0x0000000008000924                USART1_IRQHandler
                0x0000000008000924                SPI3_IRQHandler
                0x0000000008000924                I2C1_ER_IRQHandler
                0x0000000008000924                DMA2_Channel3_IRQHandler
 *fill*         0x0000000008000926        0x2 
 .text.__libc_init_array
                0x0000000008000928       0x48 c:/st/stm32cubeide_1.4.0/stm32cubeide/plugins/com.st.stm32cube.ide.mcu.externaltools.gnu-tools-for-stm32.7-2018-q2-update.win32_1.4.0.202007081208/tools/bin/../lib/gcc/arm-none-eabi/7.3.1/../../../../arm-none-eabi/lib/thumb/v7-m\libc_nano.a(lib_a-init.o)
                0x0000000008000928                __libc_init_array
 *(.glue_7)
 .glue_7        0x0000000008000970        0x0 linker stubs
 *(.glue_7t)
 .glue_7t       0x0000000008000970        0x0 linker stubs
 *(.eh_frame)
 .eh_frame      0x0000000008000970        0x0 c:/st/stm32cubeide_1.4.0/stm32cubeide/plugins/com.st.stm32cube.ide.mcu.externaltools.gnu-tools-for-stm32.7-2018-q2-update.win32_1.4.0.202007081208/tools/bin/../lib/gcc/arm-none-eabi/7.3.1/thumb/v7-m/crtbegin.o
 *(.init)
 .init          0x0000000008000970        0x4 c:/st/stm32cubeide_1.4.0/stm32cubeide/plugins/com.st.stm32cube.ide.mcu.externaltools.gnu-tools-for-stm32.7-2018-q2-update.win32_1.4.0.202007081208/tools/bin/../lib/gcc/arm-none-eabi/7.3.1/thumb/v7-m/crti.o
                0x0000000008000970                _init
 .init          0x0000000008000974        0x8 c:/st/stm32cubeide_1.4.0/stm32cubeide/plugins/com.st.stm32cube.ide.mcu.externaltools.gnu-tools-for-stm32.7-2018-q2-update.win32_1.4.0.202007081208/tools/bin/../lib/gcc/arm-none-eabi/7.3.1/thumb/v7-m/crtn.o
 *(.fini)
 .fini          0x000000000800097c        0x4 c:/st/stm32cubeide_1.4.0/stm32cubeide/plugins/com.st.stm32cube.ide.mcu.externaltools.gnu-tools-for-stm32.7-2018-q2-update.win32_1.4.0.202007081208/tools/bin/../lib/gcc/arm-none-eabi/7.3.1/thumb/v7-m/crti.o
                0x000000000800097c                _fini
 .fini          0x0000000008000980        0x8 c:/st/stm32cubeide_1.4.0/stm32cubeide/plugins/com.st.stm32cube.ide.mcu.externaltools.gnu-tools-for-stm32.7-2018-q2-update.win32_1.4.0.202007081208/tools/bin/../lib/gcc/arm-none-eabi/7.3.1/thumb/v7-m/crtn.o
                0x0000000008000988                . = ALIGN (0x4)
                0x0000000008000988                _etext = .

.vfp11_veneer   0x0000000008000988        0x0
 .vfp11_veneer  0x0000000008000988        0x0 linker stubs

.v4_bx          0x0000000008000988        0x0
 .v4_bx         0x0000000008000988        0x0 linker stubs

.iplt           0x0000000008000988        0x0
 .iplt          0x0000000008000988        0x0 c:/st/stm32cubeide_1.4.0/stm32cubeide/plugins/com.st.stm32cube.ide.mcu.externaltools.gnu-tools-for-stm32.7-2018-q2-update.win32_1.4.0.202007081208/tools/bin/../lib/gcc/arm-none-eabi/7.3.1/thumb/v7-m/crtbegin.o

.rodata         0x0000000008000988        0xc
                0x0000000008000988                . = ALIGN (0x4)
 *(.rodata)
 .rodata        0x0000000008000988        0xc Src/main.o
 *(.rodata*)
                0x0000000008000994                . = ALIGN (0x4)

.rel.dyn        0x0000000008000994        0x0
 .rel.iplt      0x0000000008000994        0x0 c:/st/stm32cubeide_1.4.0/stm32cubeide/plugins/com.st.stm32cube.ide.mcu.externaltools.gnu-tools-for-stm32.7-2018-q2-update.win32_1.4.0.202007081208/tools/bin/../lib/gcc/arm-none-eabi/7.3.1/thumb/v7-m/crtbegin.o

.ARM.extab      0x0000000008000994        0x0
                0x0000000008000994                . = ALIGN (0x4)
 *(.ARM.extab* .gnu.linkonce.armextab.*)
                0x0000000008000994                . = ALIGN (0x4)

.ARM            0x0000000008000994        0x0
                0x0000000008000994                . = ALIGN (0x4)
                0x0000000008000994                __exidx_start = .
 *(.ARM.exidx*)
                0x0000000008000994                __exidx_end = .
                0x0000000008000994                . = ALIGN (0x4)

.preinit_array  0x0000000008000994        0x0
                0x0000000008000994                . = ALIGN (0x4)
                0x0000000008000994                PROVIDE (__preinit_array_start = .)
 *(.preinit_array*)
                0x0000000008000994                PROVIDE (__preinit_array_end = .)
                0x0000000008000994                . = ALIGN (0x4)

.init_array     0x0000000008000994        0x4
                0x0000000008000994                . = ALIGN (0x4)
                0x0000000008000994                PROVIDE (__init_array_start = .)
 *(SORT_BY_NAME(.init_array.*))
 *(.init_array*)
 .init_array    0x0000000008000994        0x4 c:/st/stm32cubeide_1.4.0/stm32cubeide/plugins/com.st.stm32cube.ide.mcu.externaltools.gnu-tools-for-stm32.7-2018-q2-update.win32_1.4.0.202007081208/tools/bin/../lib/gcc/arm-none-eabi/7.3.1/thumb/v7-m/crtbegin.o
                0x0000000008000998                PROVIDE (__init_array_end = .)
                0x0000000008000998                . = ALIGN (0x4)

.fini_array     0x0000000008000998        0x4
                0x0000000008000998                . = ALIGN (0x4)
                [!provide]                        PROVIDE (__fini_array_start = .)
 *(SORT_BY_NAME(.fini_array.*))
 *(.fini_array*)
 .fini_array    0x0000000008000998        0x4 c:/st/stm32cubeide_1.4.0/stm32cubeide/plugins/com.st.stm32cube.ide.mcu.externaltools.gnu-tools-for-stm32.7-2018-q2-update.win32_1.4.0.202007081208/tools/bin/../lib/gcc/arm-none-eabi/7.3.1/thumb/v7-m/crtbegin.o
                [!provide]                        PROVIDE (__fini_array_end = .)
                0x000000000800099c                . = ALIGN (0x4)
                0x000000000800099c                _sidata = LOADADDR (.data)

.data           0x0000000020000000        0x4 load address 0x000000000800099c
                0x0000000020000000                . = ALIGN (0x4)
                0x0000000020000000                _sdata = .
 *(.data)
 *(.data*)
 .data.flag     0x0000000020000000        0x1 Src/main.o
                0x0000000020000000                flag
                0x0000000020000004                . = ALIGN (0x4)
 *fill*         0x0000000020000001        0x3 
                0x0000000020000004                _edata = .

.igot.plt       0x0000000020000004        0x0 load address 0x00000000080009a0
 .igot.plt      0x0000000020000004        0x0 c:/st/stm32cubeide_1.4.0/stm32cubeide/plugins/com.st.stm32cube.ide.mcu.externaltools.gnu-tools-for-stm32.7-2018-q2-update.win32_1.4.0.202007081208/tools/bin/../lib/gcc/arm-none-eabi/7.3.1/thumb/v7-m/crtbegin.o
                0x0000000020000004                . = ALIGN (0x4)

.bss            0x0000000020000004       0x5c load address 0x00000000080009a0
                0x0000000020000004                _sbss = .
                0x0000000020000004                __bss_start__ = _sbss
 *(.bss)
 .bss           0x0000000020000004       0x1c c:/st/stm32cubeide_1.4.0/stm32cubeide/plugins/com.st.stm32cube.ide.mcu.externaltools.gnu-tools-for-stm32.7-2018-q2-update.win32_1.4.0.202007081208/tools/bin/../lib/gcc/arm-none-eabi/7.3.1/thumb/v7-m/crtbegin.o
 *(.bss*)
 *(COMMON)
 COMMON         0x0000000020000020       0x40 STM32f103c6_Drivers/Src/EXTI.o
                0x0000000020000020                P_Call_Back_EXTI
                0x0000000020000060                . = ALIGN (0x4)
                0x0000000020000060                _ebss = .
                0x0000000020000060                __bss_end__ = _ebss

._user_heap_stack
                0x0000000020000060      0x600 load address 0x00000000080009a0
                0x0000000020000060                . = ALIGN (0x8)
                [!provide]                        PROVIDE (end = .)
                0x0000000020000060                PROVIDE (_end = .)
                0x0000000020000260                . = (. + _Min_Heap_Size)
 *fill*         0x0000000020000060      0x200 
                0x0000000020000660                . = (. + _Min_Stack_Size)
 *fill*         0x0000000020000260      0x400 
                0x0000000020000660                . = ALIGN (0x8)

/DISCARD/
 libc.a(*)
 libm.a(*)
 libgcc.a(*)

.ARM.attributes
                0x0000000000000000       0x29
 *(.ARM.attributes)
 .ARM.attributes
                0x0000000000000000       0x1d c:/st/stm32cubeide_1.4.0/stm32cubeide/plugins/com.st.stm32cube.ide.mcu.externaltools.gnu-tools-for-stm32.7-2018-q2-update.win32_1.4.0.202007081208/tools/bin/../lib/gcc/arm-none-eabi/7.3.1/thumb/v7-m/crti.o
 .ARM.attributes
                0x000000000000001d       0x2d c:/st/stm32cubeide_1.4.0/stm32cubeide/plugins/com.st.stm32cube.ide.mcu.externaltools.gnu-tools-for-stm32.7-2018-q2-update.win32_1.4.0.202007081208/tools/bin/../lib/gcc/arm-none-eabi/7.3.1/thumb/v7-m/crtbegin.o
 .ARM.attributes
                0x000000000000004a       0x33 STM32f103c6_Drivers/Src/EXTI.o
 .ARM.attributes
                0x000000000000007d       0x33 STM32f103c6_Drivers/Src/GPIO.o
 .ARM.attributes
                0x00000000000000b0       0x33 Src/main.o
 .ARM.attributes
                0x00000000000000e3       0x21 Startup/startup_stm32f103c6tx.o
 .ARM.attributes
                0x0000000000000104       0x2d c:/st/stm32cubeide_1.4.0/stm32cubeide/plugins/com.st.stm32cube.ide.mcu.externaltools.gnu-tools-for-stm32.7-2018-q2-update.win32_1.4.0.202007081208/tools/bin/../lib/gcc/arm-none-eabi/7.3.1/../../../../arm-none-eabi/lib/thumb/v7-m\libc_nano.a(lib_a-init.o)
 .ARM.attributes
                0x0000000000000131       0x1d c:/st/stm32cubeide_1.4.0/stm32cubeide/plugins/com.st.stm32cube.ide.mcu.externaltools.gnu-tools-for-stm32.7-2018-q2-update.win32_1.4.0.202007081208/tools/bin/../lib/gcc/arm-none-eabi/7.3.1/thumb/v7-m/crtn.o
OUTPUT(lesson4_EXTI.elf elf32-littlearm)

.debug_info     0x0000000000000000     0x2379
 .debug_info    0x0000000000000000      0xcad STM32f103c6_Drivers/Src/EXTI.o
 .debug_info    0x0000000000000cad      0xbe0 STM32f103c6_Drivers/Src/GPIO.o
 .debug_info    0x000000000000188d      0xaca Src/main.o
 .debug_info    0x0000000000002357       0x22 Startup/startup_stm32f103c6tx.o

.debug_abbrev   0x0000000000000000      0x587
 .debug_abbrev  0x0000000000000000      0x1f8 STM32f103c6_Drivers/Src/EXTI.o
 .debug_abbrev  0x00000000000001f8      0x1b7 STM32f103c6_Drivers/Src/GPIO.o
 .debug_abbrev  0x00000000000003af      0x1c6 Src/main.o
 .debug_abbrev  0x0000000000000575       0x12 Startup/startup_stm32f103c6tx.o

.debug_aranges  0x0000000000000000      0x110
 .debug_aranges
                0x0000000000000000       0x68 STM32f103c6_Drivers/Src/EXTI.o
 .debug_aranges
                0x0000000000000068       0x58 STM32f103c6_Drivers/Src/GPIO.o
 .debug_aranges
                0x00000000000000c0       0x28 Src/main.o
 .debug_aranges
                0x00000000000000e8       0x28 Startup/startup_stm32f103c6tx.o

.debug_ranges   0x0000000000000000       0xd8
 .debug_ranges  0x0000000000000000       0x58 STM32f103c6_Drivers/Src/EXTI.o
 .debug_ranges  0x0000000000000058       0x48 STM32f103c6_Drivers/Src/GPIO.o
 .debug_ranges  0x00000000000000a0       0x18 Src/main.o
 .debug_ranges  0x00000000000000b8       0x20 Startup/startup_stm32f103c6tx.o

.debug_macro    0x0000000000000000      0x6f5
 .debug_macro   0x0000000000000000      0x15b STM32f103c6_Drivers/Src/EXTI.o
 .debug_macro   0x000000000000015b       0xf6 STM32f103c6_Drivers/Src/EXTI.o
 .debug_macro   0x0000000000000251      0x211 STM32f103c6_Drivers/Src/EXTI.o
 .debug_macro   0x0000000000000462      0x142 STM32f103c6_Drivers/Src/GPIO.o
 .debug_macro   0x00000000000005a4      0x151 Src/main.o

.debug_line     0x0000000000000000     0x1383
 .debug_line    0x0000000000000000      0x6cb STM32f103c6_Drivers/Src/EXTI.o
 .debug_line    0x00000000000006cb      0x684 STM32f103c6_Drivers/Src/GPIO.o
 .debug_line    0x0000000000000d4f      0x5b0 Src/main.o
 .debug_line    0x00000000000012ff       0x84 Startup/startup_stm32f103c6tx.o

.debug_str      0x0000000000000000     0x8e03
 .debug_str     0x0000000000000000     0x8c65 STM32f103c6_Drivers/Src/EXTI.o
                                       0x8ec5 (size before relaxing)
 .debug_str     0x0000000000008c65      0x14a STM32f103c6_Drivers/Src/GPIO.o
                                       0x79db (size before relaxing)
 .debug_str     0x0000000000008daf       0x23 Src/main.o
                                       0x8ceb (size before relaxing)
 .debug_str     0x0000000000008dd2       0x31 Startup/startup_stm32f103c6tx.o
                                         0x81 (size before relaxing)

.comment        0x0000000000000000       0x7b
 .comment       0x0000000000000000       0x7b STM32f103c6_Drivers/Src/EXTI.o
                                         0x7c (size before relaxing)
 .comment       0x000000000000007b       0x7c STM32f103c6_Drivers/Src/GPIO.o
 .comment       0x000000000000007b       0x7c Src/main.o

.debug_frame    0x0000000000000000      0x310
 .debug_frame   0x0000000000000000      0x148 STM32f103c6_Drivers/Src/EXTI.o
 .debug_frame   0x0000000000000148      0x150 STM32f103c6_Drivers/Src/GPIO.o
 .debug_frame   0x0000000000000298       0x4c Src/main.o
 .debug_frame   0x00000000000002e4       0x2c c:/st/stm32cubeide_1.4.0/stm32cubeide/plugins/com.st.stm32cube.ide.mcu.externaltools.gnu-tools-for-stm32.7-2018-q2-update.win32_1.4.0.202007081208/tools/bin/../lib/gcc/arm-none-eabi/7.3.1/../../../../arm-none-eabi/lib/thumb/v7-m\libc_nano.a(lib_a-init.o)
