
Allocating common symbols
Common symbol       size              file

bss_var             0x3               main.o

Memory Configuration

Name             Origin             Length             Attributes
flash            0x08000000         0x00020000         xr
sram             0x20000000         0x00005000         xrw
*default*        0x00000000         0xffffffff

Linker script and memory map


.text           0x08000000      0x1dc
 *(.vectors*)
 *(.text*)
 .text          0x08000000       0xd4 main.o
                0x08000000                main
 .text          0x080000d4      0x104 startup.o
                0x080000d4                Reset_Handler
                0x080001c8                MM_Fault_Handler
                0x080001c8                Bus_Fault
                0x080001c8                Default_Handler
                0x080001c8                Usage_Fault_Handler
                0x080001c8                H_falut_Handler
                0x080001c8                NMI_Handler
 *(.rodata)
 .rodata        0x080001d8        0x4 main.o
                0x080001d8                const_variables
                0x080001dc                _E_text = .

.glue_7         0x080001dc        0x0
 .glue_7        0x00000000        0x0 linker stubs

.glue_7t        0x080001dc        0x0
 .glue_7t       0x00000000        0x0 linker stubs

.vfp11_veneer   0x080001dc        0x0
 .vfp11_veneer  0x00000000        0x0 linker stubs

.v4_bx          0x080001dc        0x0
 .v4_bx         0x00000000        0x0 linker stubs

.iplt           0x080001dc        0x0
 .iplt          0x00000000        0x0 main.o

.rel.dyn        0x080001dc        0x0
 .rel.iplt      0x00000000        0x0 main.o

.data           0x20000000        0x8 load address 0x080001dc
                0x20000000                _S_DATA = .
 *(.data)
 .data          0x20000000        0x8 main.o
                0x20000000                R_ODR
                0x20000004                g_variables
 .data          0x20000008        0x0 startup.o
                0x20000008                . = ALIGN (0x4)
                0x20000008                _E_DATA = .

.igot.plt       0x20000008        0x0 load address 0x080001e4
 .igot.plt      0x00000000        0x0 main.o

.vector         0x20000008       0x1c load address 0x080001e4
 .vector        0x20000008       0x1c startup.o
                0x20000008                vectors

.bss            0x20000024     0x1003 load address 0x08000200
                0x20000024                _S_bss = .
 *(.bss*)
 .bss           0x20000024        0x0 main.o
 .bss           0x20000024        0x0 startup.o
                0x20000024                _E_bss = .
                0x20000024                . = ALIGN (0x4)
                0x20001024                . = (. + 0x1000)
 *fill*         0x20000024     0x1000 
                0x20001024                _stack_top = .
 COMMON         0x20001024        0x3 main.o
                0x20001024                bss_var
LOAD main.o
LOAD startup.o
OUTPUT(learn_in_depth.elf elf32-littlearm)

.debug_info     0x00000000      0x2e6
 .debug_info    0x00000000      0x17f main.o
 .debug_info    0x0000017f      0x167 startup.o

.debug_abbrev   0x00000000      0x1ac
 .debug_abbrev  0x00000000       0xec main.o
 .debug_abbrev  0x000000ec       0xc0 startup.o

.debug_loc      0x00000000       0x84
 .debug_loc     0x00000000       0x2c main.o
 .debug_loc     0x0000002c       0x58 startup.o

.debug_aranges  0x00000000       0x40
 .debug_aranges
                0x00000000       0x20 main.o
 .debug_aranges
                0x00000020       0x20 startup.o

.debug_line     0x00000000      0x148
 .debug_line    0x00000000       0x9b main.o
 .debug_line    0x0000009b       0xad startup.o

.debug_str      0x00000000      0x1a4
 .debug_str     0x00000000      0x124 main.o
                                0x158 (size before relaxing)
 .debug_str     0x00000124       0x80 startup.o
                                0x179 (size before relaxing)

.comment        0x00000000       0x11
 .comment       0x00000000       0x11 main.o
                                 0x12 (size before relaxing)
 .comment       0x00000000       0x12 startup.o

.ARM.attributes
                0x00000000       0x32
 .ARM.attributes
                0x00000000       0x32 main.o
 .ARM.attributes
                0x00000032       0x32 startup.o

.debug_frame    0x00000000       0x70
 .debug_frame   0x00000000       0x28 main.o
 .debug_frame   0x00000028       0x48 startup.o
